2.129000E+03 -1.523619E-11 1.045347E-12 -4.350956E-09 4.365148E-09
4.600000E+02 -9.255465E-20 9.140525E-20 -7.217192E-20 7.332135E-20
7.700000E+01 -2.860857E-21 -6.467467E-20 6.816381E-20 7.440308E-33
1.500000E+01 1.047884E-21 -1.657335E-23 1.657335E-23 2.802597E-44
1.000000E+00 -2.001397E-22 1.952394E-22 4.900336E-24 3.506175E-40
