# smlt_path=b1,gsimlt_path=b1,imt=PGA,investigation_time=50.0,lon=10.1,lat=40.1,poe=0.1,iml=0.300492769469
Mag,Dist,poe
5.50000E+00,1.25000E+01,5.55537E-02
5.50000E+00,3.75000E+01,2.72501E-04
5.50000E+00,6.25000E+01,0.00000E+00
5.50000E+00,8.75000E+01,0.00000E+00
6.50000E+00,1.25000E+01,3.75104E-02
6.50000E+00,3.75000E+01,4.82635E-03
6.50000E+00,6.25000E+01,1.66845E-04
6.50000E+00,8.75000E+01,0.00000E+00
